Archive member included to satisfy reference by file (symbol)

/usr/lib/x86_64-linux-gnu/libc_nonshared.a(elf-init.oS)
                              /usr/lib/gcc/x86_64-linux-gnu/10/../../../x86_64-linux-gnu/Scrt1.o (__libc_csu_init)

Merging program properties


As-needed library included to satisfy reference by file (symbol)

libc.so.6                     stats.o (puts@@GLIBC_2.2.5)

Discarded input sections

 .note.GNU-stack
                0x0000000000000000        0x0 /usr/lib/gcc/x86_64-linux-gnu/10/../../../x86_64-linux-gnu/Scrt1.o
 .note.gnu.property
                0x0000000000000000       0x20 /usr/lib/gcc/x86_64-linux-gnu/10/../../../x86_64-linux-gnu/crti.o
 .note.GNU-stack
                0x0000000000000000        0x0 /usr/lib/gcc/x86_64-linux-gnu/10/../../../x86_64-linux-gnu/crti.o
 .note.GNU-stack
                0x0000000000000000        0x0 /usr/lib/gcc/x86_64-linux-gnu/10/crtbeginS.o
 .note.gnu.property
                0x0000000000000000       0x20 /usr/lib/gcc/x86_64-linux-gnu/10/crtbeginS.o
 .note.GNU-stack
                0x0000000000000000        0x0 main.o
 .note.gnu.property
                0x0000000000000000       0x20 main.o
 .note.GNU-stack
                0x0000000000000000        0x0 memory.o
 .note.gnu.property
                0x0000000000000000       0x20 memory.o
 .note.GNU-stack
                0x0000000000000000        0x0 data.o
 .note.gnu.property
                0x0000000000000000       0x20 data.o
 .note.GNU-stack
                0x0000000000000000        0x0 stats.o
 .note.gnu.property
                0x0000000000000000       0x20 stats.o
 .note.GNU-stack
                0x0000000000000000        0x0 course1.o
 .note.gnu.property
                0x0000000000000000       0x20 course1.o
 .note.GNU-stack
                0x0000000000000000        0x0 /usr/lib/x86_64-linux-gnu/libc_nonshared.a(elf-init.oS)
 .note.gnu.property
                0x0000000000000000       0x20 /usr/lib/x86_64-linux-gnu/libc_nonshared.a(elf-init.oS)
 .note.GNU-stack
                0x0000000000000000        0x0 /usr/lib/gcc/x86_64-linux-gnu/10/crtendS.o
 .note.gnu.property
                0x0000000000000000       0x20 /usr/lib/gcc/x86_64-linux-gnu/10/crtendS.o
 .note.gnu.property
                0x0000000000000000       0x20 /usr/lib/gcc/x86_64-linux-gnu/10/../../../x86_64-linux-gnu/crtn.o
 .note.GNU-stack
                0x0000000000000000        0x0 /usr/lib/gcc/x86_64-linux-gnu/10/../../../x86_64-linux-gnu/crtn.o

Memory Configuration

Name             Origin             Length             Attributes
*default*        0x0000000000000000 0xffffffffffffffff

Linker script and memory map

LOAD /usr/lib/gcc/x86_64-linux-gnu/10/../../../x86_64-linux-gnu/Scrt1.o
LOAD /usr/lib/gcc/x86_64-linux-gnu/10/../../../x86_64-linux-gnu/crti.o
LOAD /usr/lib/gcc/x86_64-linux-gnu/10/crtbeginS.o
LOAD main.o
LOAD memory.o
LOAD data.o
LOAD stats.o
LOAD course1.o
LOAD /usr/lib/gcc/x86_64-linux-gnu/10/libgcc.a
LOAD /usr/lib/gcc/x86_64-linux-gnu/10/libgcc_s.so
START GROUP
LOAD /usr/lib/gcc/x86_64-linux-gnu/10/../../../x86_64-linux-gnu/libgcc_s.so.1
LOAD /usr/lib/gcc/x86_64-linux-gnu/10/libgcc.a
END GROUP
LOAD /usr/lib/gcc/x86_64-linux-gnu/10/../../../x86_64-linux-gnu/libc.so
START GROUP
LOAD /lib/x86_64-linux-gnu/libc.so.6
LOAD /usr/lib/x86_64-linux-gnu/libc_nonshared.a
LOAD /lib/x86_64-linux-gnu/ld-linux-x86-64.so.2
END GROUP
LOAD /usr/lib/gcc/x86_64-linux-gnu/10/libgcc.a
LOAD /usr/lib/gcc/x86_64-linux-gnu/10/libgcc_s.so
START GROUP
LOAD /usr/lib/gcc/x86_64-linux-gnu/10/../../../x86_64-linux-gnu/libgcc_s.so.1
LOAD /usr/lib/gcc/x86_64-linux-gnu/10/libgcc.a
END GROUP
LOAD /usr/lib/gcc/x86_64-linux-gnu/10/crtendS.o
LOAD /usr/lib/gcc/x86_64-linux-gnu/10/../../../x86_64-linux-gnu/crtn.o
                [!provide]                        PROVIDE (__executable_start = SEGMENT_START ("text-segment", 0x0))
                0x0000000000000318                . = (SEGMENT_START ("text-segment", 0x0) + SIZEOF_HEADERS)

.interp         0x0000000000000318       0x1c
 *(.interp)
 .interp        0x0000000000000318       0x1c /usr/lib/gcc/x86_64-linux-gnu/10/../../../x86_64-linux-gnu/Scrt1.o

.note.gnu.property
                0x0000000000000338       0x20
 .note.gnu.property
                0x0000000000000338       0x20 /usr/lib/gcc/x86_64-linux-gnu/10/../../../x86_64-linux-gnu/Scrt1.o

.note.gnu.build-id
                0x0000000000000358       0x24
 *(.note.gnu.build-id)
 .note.gnu.build-id
                0x0000000000000358       0x24 /usr/lib/gcc/x86_64-linux-gnu/10/../../../x86_64-linux-gnu/Scrt1.o

.note.ABI-tag   0x000000000000037c       0x20
 .note.ABI-tag  0x000000000000037c       0x20 /usr/lib/gcc/x86_64-linux-gnu/10/../../../x86_64-linux-gnu/Scrt1.o

.hash
 *(.hash)

.gnu.hash       0x00000000000003a0       0x24
 *(.gnu.hash)
 .gnu.hash      0x00000000000003a0       0x24 /usr/lib/gcc/x86_64-linux-gnu/10/../../../x86_64-linux-gnu/Scrt1.o

.dynsym         0x00000000000003c8      0x120
 *(.dynsym)
 .dynsym        0x00000000000003c8      0x120 /usr/lib/gcc/x86_64-linux-gnu/10/../../../x86_64-linux-gnu/Scrt1.o

.dynstr         0x00000000000004e8       0xb8
 *(.dynstr)
 .dynstr        0x00000000000004e8       0xb8 /usr/lib/gcc/x86_64-linux-gnu/10/../../../x86_64-linux-gnu/Scrt1.o

.gnu.version    0x00000000000005a0       0x18
 *(.gnu.version)
 .gnu.version   0x00000000000005a0       0x18 /usr/lib/gcc/x86_64-linux-gnu/10/../../../x86_64-linux-gnu/Scrt1.o

.gnu.version_d  0x00000000000005b8        0x0
 *(.gnu.version_d)
 .gnu.version_d
                0x00000000000005b8        0x0 /usr/lib/gcc/x86_64-linux-gnu/10/../../../x86_64-linux-gnu/Scrt1.o

.gnu.version_r  0x00000000000005b8       0x30
 *(.gnu.version_r)
 .gnu.version_r
                0x00000000000005b8       0x30 /usr/lib/gcc/x86_64-linux-gnu/10/../../../x86_64-linux-gnu/Scrt1.o

.rela.dyn       0x00000000000005e8       0xc0
 *(.rela.init)
 *(.rela.text .rela.text.* .rela.gnu.linkonce.t.*)
 .rela.text     0x00000000000005e8        0x0 /usr/lib/gcc/x86_64-linux-gnu/10/../../../x86_64-linux-gnu/Scrt1.o
 *(.rela.fini)
 *(.rela.rodata .rela.rodata.* .rela.gnu.linkonce.r.*)
 *(.rela.data .rela.data.* .rela.gnu.linkonce.d.*)
 .rela.data.rel.ro
                0x00000000000005e8        0x0 /usr/lib/gcc/x86_64-linux-gnu/10/../../../x86_64-linux-gnu/Scrt1.o
 .rela.data.rel.local
                0x00000000000005e8       0x18 /usr/lib/gcc/x86_64-linux-gnu/10/../../../x86_64-linux-gnu/Scrt1.o
 *(.rela.tdata .rela.tdata.* .rela.gnu.linkonce.td.*)
 *(.rela.tbss .rela.tbss.* .rela.gnu.linkonce.tb.*)
 *(.rela.ctors)
 *(.rela.dtors)
 *(.rela.got)
 .rela.got      0x0000000000000600       0x78 /usr/lib/gcc/x86_64-linux-gnu/10/../../../x86_64-linux-gnu/Scrt1.o
 *(.rela.bss .rela.bss.* .rela.gnu.linkonce.b.*)
 .rela.bss      0x0000000000000678        0x0 /usr/lib/gcc/x86_64-linux-gnu/10/../../../x86_64-linux-gnu/Scrt1.o
 *(.rela.ldata .rela.ldata.* .rela.gnu.linkonce.l.*)
 *(.rela.lbss .rela.lbss.* .rela.gnu.linkonce.lb.*)
 *(.rela.lrodata .rela.lrodata.* .rela.gnu.linkonce.lr.*)
 *(.rela.ifunc)
 .rela.ifunc    0x0000000000000678        0x0 /usr/lib/gcc/x86_64-linux-gnu/10/../../../x86_64-linux-gnu/Scrt1.o
 .rela.fini_array
                0x0000000000000678       0x18 /usr/lib/gcc/x86_64-linux-gnu/10/../../../x86_64-linux-gnu/Scrt1.o
 .rela.init_array
                0x0000000000000690       0x18 /usr/lib/gcc/x86_64-linux-gnu/10/../../../x86_64-linux-gnu/Scrt1.o

.rela.plt       0x00000000000006a8       0x90
 *(.rela.plt)
 .rela.plt      0x00000000000006a8       0x90 /usr/lib/gcc/x86_64-linux-gnu/10/../../../x86_64-linux-gnu/Scrt1.o
 *(.rela.iplt)
                0x0000000000001000                . = ALIGN (CONSTANT (MAXPAGESIZE))

.init           0x0000000000001000       0x1b
 *(SORT_NONE(.init))
 .init          0x0000000000001000       0x16 /usr/lib/gcc/x86_64-linux-gnu/10/../../../x86_64-linux-gnu/crti.o
                0x0000000000001000                _init
 .init          0x0000000000001016        0x5 /usr/lib/gcc/x86_64-linux-gnu/10/../../../x86_64-linux-gnu/crtn.o

.plt            0x0000000000001020       0x70
 *(.plt)
 .plt           0x0000000000001020       0x70 /usr/lib/gcc/x86_64-linux-gnu/10/../../../x86_64-linux-gnu/Scrt1.o
 *(.iplt)

.plt.got        0x0000000000001090       0x10
 *(.plt.got)
 .plt.got       0x0000000000001090       0x10 /usr/lib/gcc/x86_64-linux-gnu/10/../../../x86_64-linux-gnu/Scrt1.o
                0x0000000000001090                __cxa_finalize@@GLIBC_2.2.5

.plt.sec        0x00000000000010a0       0x60
 *(.plt.sec)
 .plt.sec       0x00000000000010a0       0x60 /usr/lib/gcc/x86_64-linux-gnu/10/../../../x86_64-linux-gnu/Scrt1.o
                0x00000000000010a0                free@@GLIBC_2.2.5
                0x00000000000010b0                putchar@@GLIBC_2.2.5
                0x00000000000010c0                puts@@GLIBC_2.2.5
                0x00000000000010d0                __stack_chk_fail@@GLIBC_2.4
                0x00000000000010e0                printf@@GLIBC_2.2.5
                0x00000000000010f0                malloc@@GLIBC_2.2.5

.text           0x0000000000001100     0x1405
 *(.text.unlikely .text.*_unlikely .text.unlikely.*)
 *(.text.exit .text.exit.*)
 *(.text.startup .text.startup.*)
 *(.text.hot .text.hot.*)
 *(SORT_BY_NAME(.text.sorted.*))
 *(.text .stub .text.* .gnu.linkonce.t.*)
 .text          0x0000000000001100       0x2f /usr/lib/gcc/x86_64-linux-gnu/10/../../../x86_64-linux-gnu/Scrt1.o
                0x0000000000001100                _start
 .text          0x000000000000112f        0x0 /usr/lib/gcc/x86_64-linux-gnu/10/../../../x86_64-linux-gnu/crti.o
 *fill*         0x000000000000112f        0x1 
 .text          0x0000000000001130       0xb9 /usr/lib/gcc/x86_64-linux-gnu/10/crtbeginS.o
 .text          0x00000000000011e9       0x14 main.o
                0x00000000000011e9                main
 .text          0x00000000000011fd      0x32c memory.o
                0x00000000000011fd                set_value
                0x0000000000001224                clear_value
                0x0000000000001250                get_value
                0x000000000000126e                set_all
                0x00000000000012b4                clear_all
                0x00000000000012de                my_memmove
                0x000000000000137a                my_memcopy
                0x00000000000013cd                my_memset
                0x0000000000001417                my_memzero
                0x000000000000144d                my_reverse
                0x00000000000014e0                reserve_words
                0x000000000000150a                free_words
 .text          0x0000000000001529      0x1f3 data.o
                0x0000000000001529                my_itoa
                0x0000000000001665                my_atoi
 .text          0x000000000000171c      0x45e stats.o
                0x000000000000171c                print_statistics
                0x00000000000017da                print_array
                0x0000000000001855                find_median
                0x0000000000001973                find_mean
                0x00000000000019d7                find_maximum
                0x0000000000001a4f                find_minimum
                0x0000000000001ac7                sort_array
 .text          0x0000000000001b7a      0x907 course1.o
                0x0000000000001b7a                test_data1
                0x0000000000001c5e                test_data2
                0x0000000000001d22                test_memmove1
                0x0000000000001e15                test_memmove2
                0x0000000000001f08                test_memmove3
                0x0000000000002000                test_memcopy
                0x00000000000020f3                test_memset
                0x000000000000221d                test_reverse
                0x0000000000002354                course1
 *fill*         0x0000000000002481        0xf 
 .text          0x0000000000002490       0x75 /usr/lib/x86_64-linux-gnu/libc_nonshared.a(elf-init.oS)
                0x0000000000002490                __libc_csu_init
                0x0000000000002500                __libc_csu_fini
 .text          0x0000000000002505        0x0 /usr/lib/gcc/x86_64-linux-gnu/10/crtendS.o
 .text          0x0000000000002505        0x0 /usr/lib/gcc/x86_64-linux-gnu/10/../../../x86_64-linux-gnu/crtn.o
 *(.gnu.warning)

.fini           0x0000000000002508        0xd
 *(SORT_NONE(.fini))
 .fini          0x0000000000002508        0x8 /usr/lib/gcc/x86_64-linux-gnu/10/../../../x86_64-linux-gnu/crti.o
                0x0000000000002508                _fini
 .fini          0x0000000000002510        0x5 /usr/lib/gcc/x86_64-linux-gnu/10/../../../x86_64-linux-gnu/crtn.o
                [!provide]                        PROVIDE (__etext = .)
                [!provide]                        PROVIDE (_etext = .)
                [!provide]                        PROVIDE (etext = .)
                0x0000000000003000                . = ALIGN (CONSTANT (MAXPAGESIZE))
                0x0000000000003000                . = SEGMENT_START ("rodata-segment", (ALIGN (CONSTANT (MAXPAGESIZE)) + (. & (CONSTANT (MAXPAGESIZE) - 0x1))))

.rodata         0x0000000000003000      0x21d
 *(.rodata .rodata.* .gnu.linkonce.r.*)
 .rodata.cst4   0x0000000000003000        0x4 /usr/lib/gcc/x86_64-linux-gnu/10/../../../x86_64-linux-gnu/Scrt1.o
                0x0000000000003000                _IO_stdin_used
 .rodata        0x0000000000003004       0x8c stats.o
 .rodata        0x0000000000003090      0x18d course1.o

.rodata1
 *(.rodata1)

.eh_frame_hdr   0x0000000000003220      0x134
 *(.eh_frame_hdr)
 .eh_frame_hdr  0x0000000000003220      0x134 /usr/lib/gcc/x86_64-linux-gnu/10/../../../x86_64-linux-gnu/Scrt1.o
                0x0000000000003220                __GNU_EH_FRAME_HDR
 *(.eh_frame_entry .eh_frame_entry.*)

.eh_frame       0x0000000000003358      0x4c8
 *(.eh_frame)
 .eh_frame      0x0000000000003358       0x30 /usr/lib/gcc/x86_64-linux-gnu/10/../../../x86_64-linux-gnu/Scrt1.o
                                         0x2c (size before relaxing)
 *fill*         0x0000000000003388        0x0 
 .eh_frame      0x0000000000003388       0x28 /usr/lib/gcc/x86_64-linux-gnu/10/../../../x86_64-linux-gnu/Scrt1.o
                                         0x40 (size before relaxing)
 .eh_frame      0x00000000000033b0       0x18 /usr/lib/gcc/x86_64-linux-gnu/10/../../../x86_64-linux-gnu/Scrt1.o
                                         0x30 (size before relaxing)
 .eh_frame      0x00000000000033c8       0x18 /usr/lib/gcc/x86_64-linux-gnu/10/../../../x86_64-linux-gnu/Scrt1.o
                                         0x30 (size before relaxing)
 .eh_frame      0x00000000000033e0       0x20 main.o
                                         0x38 (size before relaxing)
 .eh_frame      0x0000000000003400      0x180 memory.o
                                        0x198 (size before relaxing)
 .eh_frame      0x0000000000003580       0x40 data.o
                                         0x58 (size before relaxing)
 .eh_frame      0x00000000000035c0       0xe0 stats.o
                                         0xf8 (size before relaxing)
 .eh_frame      0x00000000000036a0      0x120 course1.o
                                        0x138 (size before relaxing)
 .eh_frame      0x00000000000037c0       0x5c /usr/lib/x86_64-linux-gnu/libc_nonshared.a(elf-init.oS)
                                         0x78 (size before relaxing)
 .eh_frame      0x000000000000381c        0x4 /usr/lib/gcc/x86_64-linux-gnu/10/crtendS.o
 *(.eh_frame.*)

.gcc_except_table
 *(.gcc_except_table .gcc_except_table.*)

.gnu_extab
 *(.gnu_extab*)

.exception_ranges
 *(.exception_ranges*)
                0x0000000000004d90                . = DATA_SEGMENT_ALIGN (CONSTANT (MAXPAGESIZE), CONSTANT (COMMONPAGESIZE))

.eh_frame
 *(.eh_frame)
 *(.eh_frame.*)

.gnu_extab
 *(.gnu_extab)

.gcc_except_table
 *(.gcc_except_table .gcc_except_table.*)

.exception_ranges
 *(.exception_ranges*)

.tdata          0x0000000000004d90        0x0
                [!provide]                        PROVIDE (__tdata_start = .)
 *(.tdata .tdata.* .gnu.linkonce.td.*)

.tbss
 *(.tbss .tbss.* .gnu.linkonce.tb.*)
 *(.tcommon)

.preinit_array  0x0000000000004d90        0x0
                [!provide]                        PROVIDE (__preinit_array_start = .)
 *(.preinit_array)
                [!provide]                        PROVIDE (__preinit_array_end = .)

.init_array     0x0000000000004d90        0x8
                0x0000000000004d90                PROVIDE (__init_array_start = .)
 *(SORT_BY_INIT_PRIORITY(.init_array.*) SORT_BY_INIT_PRIORITY(.ctors.*))
 *(.init_array EXCLUDE_FILE(*crtend?.o *crtend.o *crtbegin?.o *crtbegin.o) .ctors)
 .init_array    0x0000000000004d90        0x8 /usr/lib/gcc/x86_64-linux-gnu/10/crtbeginS.o
                0x0000000000004d98                PROVIDE (__init_array_end = .)

.fini_array     0x0000000000004d98        0x8
                [!provide]                        PROVIDE (__fini_array_start = .)
 *(SORT_BY_INIT_PRIORITY(.fini_array.*) SORT_BY_INIT_PRIORITY(.dtors.*))
 *(.fini_array EXCLUDE_FILE(*crtend?.o *crtend.o *crtbegin?.o *crtbegin.o) .dtors)
 .fini_array    0x0000000000004d98        0x8 /usr/lib/gcc/x86_64-linux-gnu/10/crtbeginS.o
                [!provide]                        PROVIDE (__fini_array_end = .)

.ctors
 *crtbegin.o(.ctors)
 *crtbegin?.o(.ctors)
 *(EXCLUDE_FILE(*crtend?.o *crtend.o) .ctors)
 *(SORT_BY_NAME(.ctors.*))
 *(.ctors)

.dtors
 *crtbegin.o(.dtors)
 *crtbegin?.o(.dtors)
 *(EXCLUDE_FILE(*crtend?.o *crtend.o) .dtors)
 *(SORT_BY_NAME(.dtors.*))
 *(.dtors)

.jcr
 *(.jcr)

.data.rel.ro    0x0000000000004da0        0x0
 *(.data.rel.ro.local* .gnu.linkonce.d.rel.ro.local.*)
 *(.data.rel.ro .data.rel.ro.* .gnu.linkonce.d.rel.ro.*)
 .data.rel.ro   0x0000000000004da0        0x0 /usr/lib/gcc/x86_64-linux-gnu/10/../../../x86_64-linux-gnu/Scrt1.o

.dynamic        0x0000000000004da0      0x1f0
 *(.dynamic)
 .dynamic       0x0000000000004da0      0x1f0 /usr/lib/gcc/x86_64-linux-gnu/10/../../../x86_64-linux-gnu/Scrt1.o
                0x0000000000004da0                _DYNAMIC

.got            0x0000000000004f90       0x70
 *(.got.plt)
 .got.plt       0x0000000000004f90       0x48 /usr/lib/gcc/x86_64-linux-gnu/10/../../../x86_64-linux-gnu/Scrt1.o
                0x0000000000004f90                _GLOBAL_OFFSET_TABLE_
 *(.igot.plt)
 *(.got)
 .got           0x0000000000004fd8       0x28 /usr/lib/gcc/x86_64-linux-gnu/10/../../../x86_64-linux-gnu/Scrt1.o
 *(.igot)
                0x0000000000005000                . = DATA_SEGMENT_RELRO_END (., 0x0)

.data           0x0000000000005000       0x10
 *(.data .data.* .gnu.linkonce.d.*)
 .data          0x0000000000005000        0x4 /usr/lib/gcc/x86_64-linux-gnu/10/../../../x86_64-linux-gnu/Scrt1.o
                0x0000000000005000                data_start
                0x0000000000005000                __data_start
 .data          0x0000000000005004        0x0 /usr/lib/gcc/x86_64-linux-gnu/10/../../../x86_64-linux-gnu/crti.o
 .data          0x0000000000005004        0x0 /usr/lib/gcc/x86_64-linux-gnu/10/crtbeginS.o
 *fill*         0x0000000000005004        0x4 
 .data.rel.local
                0x0000000000005008        0x8 /usr/lib/gcc/x86_64-linux-gnu/10/crtbeginS.o
                0x0000000000005008                __dso_handle
 .data          0x0000000000005010        0x0 main.o
 .data          0x0000000000005010        0x0 memory.o
 .data          0x0000000000005010        0x0 data.o
 .data          0x0000000000005010        0x0 stats.o
 .data          0x0000000000005010        0x0 course1.o
 .data          0x0000000000005010        0x0 /usr/lib/x86_64-linux-gnu/libc_nonshared.a(elf-init.oS)
 .data          0x0000000000005010        0x0 /usr/lib/gcc/x86_64-linux-gnu/10/crtendS.o
 .data          0x0000000000005010        0x0 /usr/lib/gcc/x86_64-linux-gnu/10/../../../x86_64-linux-gnu/crtn.o

.tm_clone_table
                0x0000000000005010        0x0
 .tm_clone_table
                0x0000000000005010        0x0 /usr/lib/gcc/x86_64-linux-gnu/10/crtbeginS.o
 .tm_clone_table
                0x0000000000005010        0x0 /usr/lib/gcc/x86_64-linux-gnu/10/crtendS.o

.data1
 *(.data1)
                0x0000000000005010                _edata = .
                [!provide]                        PROVIDE (edata = .)
                0x0000000000005010                . = .
                0x0000000000005010                __bss_start = .

.bss            0x0000000000005010       0x18
 *(.dynbss)
 .dynbss        0x0000000000005010        0x0 /usr/lib/gcc/x86_64-linux-gnu/10/../../../x86_64-linux-gnu/Scrt1.o
 *(.bss .bss.* .gnu.linkonce.b.*)
 .bss           0x0000000000005010        0x0 /usr/lib/gcc/x86_64-linux-gnu/10/../../../x86_64-linux-gnu/Scrt1.o
 .bss           0x0000000000005010        0x0 /usr/lib/gcc/x86_64-linux-gnu/10/../../../x86_64-linux-gnu/crti.o
 .bss           0x0000000000005010        0x1 /usr/lib/gcc/x86_64-linux-gnu/10/crtbeginS.o
 *fill*         0x0000000000005011        0x7 
 .bss           0x0000000000005018        0xa main.o
                0x0000000000005018                buffer
 .bss           0x0000000000005022        0x0 memory.o
 .bss           0x0000000000005022        0x0 data.o
 *fill*         0x0000000000005022        0x2 
 .bss           0x0000000000005024        0x4 stats.o
                0x0000000000005024                i
 .bss           0x0000000000005028        0x0 course1.o
 .bss           0x0000000000005028        0x0 /usr/lib/x86_64-linux-gnu/libc_nonshared.a(elf-init.oS)
 .bss           0x0000000000005028        0x0 /usr/lib/gcc/x86_64-linux-gnu/10/crtendS.o
 .bss           0x0000000000005028        0x0 /usr/lib/gcc/x86_64-linux-gnu/10/../../../x86_64-linux-gnu/crtn.o
 *(COMMON)
                0x0000000000005028                . = ALIGN ((. != 0x0)?0x8:0x1)

.lbss
 *(.dynlbss)
 *(.lbss .lbss.* .gnu.linkonce.lb.*)
 *(LARGE_COMMON)
                0x0000000000005028                . = ALIGN (0x8)
                0x0000000000005028                . = SEGMENT_START ("ldata-segment", .)

.lrodata
 *(.lrodata .lrodata.* .gnu.linkonce.lr.*)

.ldata          0x0000000000007028        0x0
 *(.ldata .ldata.* .gnu.linkonce.l.*)
                0x0000000000007028                . = ALIGN ((. != 0x0)?0x8:0x1)
                0x0000000000007028                . = ALIGN (0x8)
                0x0000000000005028                _end = .
                [!provide]                        PROVIDE (end = .)
                0x0000000000007028                . = DATA_SEGMENT_END (.)

.stab
 *(.stab)

.stabstr
 *(.stabstr)

.stab.excl
 *(.stab.excl)

.stab.exclstr
 *(.stab.exclstr)

.stab.index
 *(.stab.index)

.stab.indexstr
 *(.stab.indexstr)

.comment        0x0000000000000000       0x26
 *(.comment)
 .comment       0x0000000000000000       0x26 /usr/lib/gcc/x86_64-linux-gnu/10/crtbeginS.o
                                         0x27 (size before relaxing)
 .comment       0x0000000000000026       0x27 main.o
 .comment       0x0000000000000026       0x27 memory.o
 .comment       0x0000000000000026       0x27 data.o
 .comment       0x0000000000000026       0x27 stats.o
 .comment       0x0000000000000026       0x27 course1.o
 .comment       0x0000000000000026       0x27 /usr/lib/gcc/x86_64-linux-gnu/10/crtendS.o

.gnu.build.attributes
 *(.gnu.build.attributes .gnu.build.attributes.*)

.debug
 *(.debug)

.line
 *(.line)

.debug_srcinfo
 *(.debug_srcinfo)

.debug_sfnames
 *(.debug_sfnames)

.debug_aranges  0x0000000000000000       0xf0
 *(.debug_aranges)
 .debug_aranges
                0x0000000000000000       0x30 main.o
 .debug_aranges
                0x0000000000000030       0x30 memory.o
 .debug_aranges
                0x0000000000000060       0x30 data.o
 .debug_aranges
                0x0000000000000090       0x30 stats.o
 .debug_aranges
                0x00000000000000c0       0x30 course1.o

.debug_pubnames
 *(.debug_pubnames)

.debug_info     0x0000000000000000      0xe43
 *(.debug_info .gnu.linkonce.wi.*)
 .debug_info    0x0000000000000000       0xb8 main.o
 .debug_info    0x00000000000000b8      0x46f memory.o
 .debug_info    0x0000000000000527      0x1bc data.o
 .debug_info    0x00000000000006e3      0x2dd stats.o
 .debug_info    0x00000000000009c0      0x483 course1.o

.debug_abbrev   0x0000000000000000      0x407
 *(.debug_abbrev)
 .debug_abbrev  0x0000000000000000       0x6b main.o
 .debug_abbrev  0x000000000000006b       0xf8 memory.o
 .debug_abbrev  0x0000000000000163       0xc0 data.o
 .debug_abbrev  0x0000000000000223       0xde stats.o
 .debug_abbrev  0x0000000000000301      0x106 course1.o

.debug_line     0x0000000000000000      0xa4e
 *(.debug_line .debug_line.* .debug_line_end)
 .debug_line    0x0000000000000000       0x48 main.o
 .debug_line    0x0000000000000048      0x2b2 memory.o
 .debug_line    0x00000000000002fa      0x1ab data.o
 .debug_line    0x00000000000004a5      0x1fd stats.o
 .debug_line    0x00000000000006a2      0x3ac course1.o

.debug_frame
 *(.debug_frame)

.debug_str      0x0000000000000000      0x32c
 *(.debug_str)
 .debug_str     0x0000000000000000      0x129 main.o
                                        0x150 (size before relaxing)
 .debug_str     0x0000000000000129       0xcd memory.o
                                        0x223 (size before relaxing)
 .debug_str     0x00000000000001f6       0x33 data.o
                                        0x1a0 (size before relaxing)
 .debug_str     0x0000000000000229       0x6b stats.o
                                        0x199 (size before relaxing)
 .debug_str     0x0000000000000294       0x98 course1.o
                                        0x228 (size before relaxing)

.debug_loc
 *(.debug_loc)

.debug_macinfo
 *(.debug_macinfo)

.debug_weaknames
 *(.debug_weaknames)

.debug_funcnames
 *(.debug_funcnames)

.debug_typenames
 *(.debug_typenames)

.debug_varnames
 *(.debug_varnames)

.debug_pubtypes
 *(.debug_pubtypes)

.debug_ranges
 *(.debug_ranges)

.debug_macro
 *(.debug_macro)

.debug_addr
 *(.debug_addr)

.gnu.attributes
 *(.gnu.attributes)

/DISCARD/
 *(.note.GNU-stack)
 *(.gnu_debuglink)
 *(.gnu.lto_*)
OUTPUT(final.out elf64-x86-64)
